bringing up nodes...
bringing up nodes...

........................................................................ [  8%]
........................................................................ [ 17%]
........................................................................ [ 26%]
........................................................................ [ 34%]
........................................................................ [ 43%]
........................................................................ [ 52%]
........................................................................ [ 60%]
........................................................................ [ 69%]
........................................................................ [ 78%]
........................................................................ [ 86%]
........................................................................ [ 95%]
....................................                                     [100%]
=============================== warnings summary ===============================
backend/app/main.py:1541
backend/app/main.py:1541
backend/app/main.py:1541
backend/app/main.py:1541
  /workspace/scratch/e46135c68bc1/optime-ten-check/backend/app/main.py:1541: DeprecationWarning: 
          on_event is deprecated, use lifespan event handlers instead.
  
          Read more about it in the
          [FastAPI docs for Lifespan Events](https://fastapi.tiangolo.com/advanced/events/).
          
    @app.on_event("startup")

../../../../tmp/oomnik-pyuser/lib/python3.12/site-packages/fastapi/applications.py:4675
../../../../tmp/oomnik-pyuser/lib/python3.12/site-packages/fastapi/applications.py:4675
../../../../tmp/oomnik-pyuser/lib/python3.12/site-packages/fastapi/applications.py:4675
../../../../tmp/oomnik-pyuser/lib/python3.12/site-packages/fastapi/applications.py:4675
  /tmp/oomnik-pyuser/lib/python3.12/site-packages/fastapi/applications.py:4675: DeprecationWarning: 
          on_event is deprecated, use lifespan event handlers instead.
  
          Read more about it in the
          [FastAPI docs for Lifespan Events](https://fastapi.tiangolo.com/advanced/events/).
          
    return self.router.on_event(event_type)  # ty: ignore[deprecated]

-- Docs: https://docs.pytest.org/en/stable/how-to/capture-warnings.html
828 passed, 8 warnings in 141.29s (0:02:21)
Deselecting 20 known failures listed in backend/tests/known_failures.txt
