son84_ready: 23 differences
    $.http_profile.body.decision_intelligence.human_intelligence.canonical_gap_policy.source_backed_conflict_keys [added] null -> []
    $.http_profile.body.decision_intelligence.human_intelligence.intake_resolution [added] null -> {"narrative_extraction_required": true, "source": "NARRATIVE", "status": "ASSESSED"}
    $.http_recommendations.body.care_setting_policy.decision_intelligence.human_intelligence.canonical_gap_policy.source_backed_conflict_keys [added] null -> []
    $.http_recommendations.body.care_setting_policy.decision_intelligence.human_intelligence.intake_resolution [added] null -> {"narrative_extraction_required": true, "source": "NARRATIVE", "status": "ASSESSED"}
    $.http_recommendations.body.decision_id [added] null -> "<volatile>"
    $.http_recommendations.body.decision_intelligence.human_intelligence.canonical_gap_policy.source_backed_conflict_keys [added] null -> []
    $.http_recommendations.body.decision_intelligence.human_intelligence.intake_resolution [added] null -> {"narrative_extraction_required": true, "source": "NARRATIVE", "status": "ASSESSED"}
    $.http_recommendations.body.patient_needs_profile.decision_intelligence.human_intelligence.canonical_gap_policy.source_backed_conflict_keys [added] null -> []
    $.http_recommendations.body.patient_needs_profile.decision_intelligence.human_intelligence.intake_resolution [added] null -> {"narrative_extraction_required": true, "source": "NARRATIVE", "status": "ASSESSED"}
    $.profile.decision_intelligence.human_intelligence.canonical_gap_policy.source_backed_conflict_keys [added] null -> []
    $.profile.decision_intelligence.human_intelligence.intake_resolution [added] null -> {"narrative_extraction_required": true, "source": "NARRATIVE", "status": "ASSESSED"}
    $.run_limit5.care_setting_policy.decision_intelligence.human_intelligence.canonical_gap_policy.source_backed_conflict_keys [added] null -> []
son84_ready_verified_rates: 23 differences
    $.http_profile.body.decision_intelligence.human_intelligence.canonical_gap_policy.source_backed_conflict_keys [added] null -> []
    $.http_profile.body.decision_intelligence.human_intelligence.intake_resolution [added] null -> {"narrative_extraction_required": true, "source": "NARRATIVE", "status": "ASSESSED"}
    $.http_recommendations.body.care_setting_policy.decision_intelligence.human_intelligence.canonical_gap_policy.source_backed_conflict_keys [added] null -> []
    $.http_recommendations.body.care_setting_policy.decision_intelligence.human_intelligence.intake_resolution [added] null -> {"narrative_extraction_required": true, "source": "NARRATIVE", "status": "ASSESSED"}
    $.http_recommendations.body.decision_id [added] null -> "<volatile>"
    $.http_recommendations.body.decision_intelligence.human_intelligence.canonical_gap_policy.source_backed_conflict_keys [added] null -> []
    $.http_recommendations.body.decision_intelligence.human_intelligence.intake_resolution [added] null -> {"narrative_extraction_required": true, "source": "NARRATIVE", "status": "ASSESSED"}
    $.http_recommendations.body.patient_needs_profile.decision_intelligence.human_intelligence.canonical_gap_policy.source_backed_conflict_keys [added] null -> []
    $.http_recommendations.body.patient_needs_profile.decision_intelligence.human_intelligence.intake_resolution [added] null -> {"narrative_extraction_required": true, "source": "NARRATIVE", "status": "ASSESSED"}
    $.profile.decision_intelligence.human_intelligence.canonical_gap_policy.source_backed_conflict_keys [added] null -> []
    $.profile.decision_intelligence.human_intelligence.intake_resolution [added] null -> {"narrative_extraction_required": true, "source": "NARRATIVE", "status": "ASSESSED"}
    $.run_limit5.care_setting_policy.decision_intelligence.human_intelligence.canonical_gap_policy.source_backed_conflict_keys [added] null -> []
son84_answered_hi: 23 differences
    $.http_profile.body.decision_intelligence.human_intelligence.canonical_gap_policy.source_backed_conflict_keys [added] null -> []
    $.http_profile.body.decision_intelligence.human_intelligence.intake_resolution [added] null -> {"narrative_extraction_required": true, "source": "NARRATIVE", "status": "ASSESSED"}
    $.http_recommendations.body.care_setting_policy.decision_intelligence.human_intelligence.canonical_gap_policy.source_backed_conflict_keys [added] null -> []
    $.http_recommendations.body.care_setting_policy.decision_intelligence.human_intelligence.intake_resolution [added] null -> {"narrative_extraction_required": true, "source": "NARRATIVE", "status": "ASSESSED"}
    $.http_recommendations.body.decision_id [added] null -> "<volatile>"
    $.http_recommendations.body.decision_intelligence.human_intelligence.canonical_gap_policy.source_backed_conflict_keys [added] null -> []
    $.http_recommendations.body.decision_intelligence.human_intelligence.intake_resolution [added] null -> {"narrative_extraction_required": true, "source": "NARRATIVE", "status": "ASSESSED"}
    $.http_recommendations.body.patient_needs_profile.decision_intelligence.human_intelligence.canonical_gap_policy.source_backed_conflict_keys [added] null -> []
    $.http_recommendations.body.patient_needs_profile.decision_intelligence.human_intelligence.intake_resolution [added] null -> {"narrative_extraction_required": true, "source": "NARRATIVE", "status": "ASSESSED"}
    $.profile.decision_intelligence.human_intelligence.canonical_gap_policy.source_backed_conflict_keys [added] null -> []
    $.profile.decision_intelligence.human_intelligence.intake_resolution [added] null -> {"narrative_extraction_required": true, "source": "NARRATIVE", "status": "ASSESSED"}
    $.run_limit5.care_setting_policy.decision_intelligence.human_intelligence.canonical_gap_policy.source_backed_conflict_keys [added] null -> []
interview_not_ready: 23 differences
    $.http_profile.body.decision_intelligence.human_intelligence.canonical_gap_policy.source_backed_conflict_keys [added] null -> []
    $.http_profile.body.decision_intelligence.human_intelligence.intake_resolution [added] null -> {"narrative_extraction_required": true, "source": "NARRATIVE", "status": "ASSESSED"}
    $.http_recommendations.body.care_setting_policy.decision_intelligence.human_intelligence.canonical_gap_policy.source_backed_conflict_keys [added] null -> []
    $.http_recommendations.body.care_setting_policy.decision_intelligence.human_intelligence.intake_resolution [added] null -> {"narrative_extraction_required": true, "source": "NARRATIVE", "status": "ASSESSED"}
    $.http_recommendations.body.decision_id [added] null -> "<volatile>"
    $.http_recommendations.body.decision_intelligence.human_intelligence.canonical_gap_policy.source_backed_conflict_keys [added] null -> []
    $.http_recommendations.body.decision_intelligence.human_intelligence.intake_resolution [added] null -> {"narrative_extraction_required": true, "source": "NARRATIVE", "status": "ASSESSED"}
    $.http_recommendations.body.patient_needs_profile.decision_intelligence.human_intelligence.canonical_gap_policy.source_backed_conflict_keys [added] null -> []
    $.http_recommendations.body.patient_needs_profile.decision_intelligence.human_intelligence.intake_resolution [added] null -> {"narrative_extraction_required": true, "source": "NARRATIVE", "status": "ASSESSED"}
    $.profile.decision_intelligence.human_intelligence.canonical_gap_policy.source_backed_conflict_keys [added] null -> []
    $.profile.decision_intelligence.human_intelligence.intake_resolution [added] null -> {"narrative_extraction_required": true, "source": "NARRATIVE", "status": "ASSESSED"}
    $.run_limit5.care_setting_policy.decision_intelligence.human_intelligence.canonical_gap_policy.source_backed_conflict_keys [added] null -> []
mother90_social: 23 differences
    $.http_profile.body.decision_intelligence.human_intelligence.canonical_gap_policy.source_backed_conflict_keys [added] null -> []
    $.http_profile.body.decision_intelligence.human_intelligence.intake_resolution [added] null -> {"narrative_extraction_required": true, "source": "NARRATIVE", "status": "ASSESSED"}
    $.http_recommendations.body.care_setting_policy.decision_intelligence.human_intelligence.canonical_gap_policy.source_backed_conflict_keys [added] null -> []
    $.http_recommendations.body.care_setting_policy.decision_intelligence.human_intelligence.intake_resolution [added] null -> {"narrative_extraction_required": true, "source": "NARRATIVE", "status": "ASSESSED"}
    $.http_recommendations.body.decision_id [added] null -> "<volatile>"
    $.http_recommendations.body.decision_intelligence.human_intelligence.canonical_gap_policy.source_backed_conflict_keys [added] null -> []
    $.http_recommendations.body.decision_intelligence.human_intelligence.intake_resolution [added] null -> {"narrative_extraction_required": true, "source": "NARRATIVE", "status": "ASSESSED"}
    $.http_recommendations.body.patient_needs_profile.decision_intelligence.human_intelligence.canonical_gap_policy.source_backed_conflict_keys [added] null -> []
    $.http_recommendations.body.patient_needs_profile.decision_intelligence.human_intelligence.intake_resolution [added] null -> {"narrative_extraction_required": true, "source": "NARRATIVE", "status": "ASSESSED"}
    $.profile.decision_intelligence.human_intelligence.canonical_gap_policy.source_backed_conflict_keys [added] null -> []
    $.profile.decision_intelligence.human_intelligence.intake_resolution [added] null -> {"narrative_extraction_required": true, "source": "NARRATIVE", "status": "ASSESSED"}
    $.run_limit5.care_setting_policy.decision_intelligence.human_intelligence.canonical_gap_policy.source_backed_conflict_keys [added] null -> []
couple_rehab: 23 differences
    $.http_profile.body.decision_intelligence.human_intelligence.canonical_gap_policy.source_backed_conflict_keys [added] null -> []
    $.http_profile.body.decision_intelligence.human_intelligence.intake_resolution [added] null -> {"narrative_extraction_required": true, "source": "NARRATIVE", "status": "ASSESSED"}
    $.http_recommendations.body.care_setting_policy.decision_intelligence.human_intelligence.canonical_gap_policy.source_backed_conflict_keys [added] null -> []
    $.http_recommendations.body.care_setting_policy.decision_intelligence.human_intelligence.intake_resolution [added] null -> {"narrative_extraction_required": true, "source": "NARRATIVE", "status": "ASSESSED"}
    $.http_recommendations.body.decision_id [added] null -> "<volatile>"
    $.http_recommendations.body.decision_intelligence.human_intelligence.canonical_gap_policy.source_backed_conflict_keys [added] null -> []
    $.http_recommendations.body.decision_intelligence.human_intelligence.intake_resolution [added] null -> {"narrative_extraction_required": true, "source": "NARRATIVE", "status": "ASSESSED"}
    $.http_recommendations.body.patient_needs_profile.decision_intelligence.human_intelligence.canonical_gap_policy.source_backed_conflict_keys [added] null -> []
    $.http_recommendations.body.patient_needs_profile.decision_intelligence.human_intelligence.intake_resolution [added] null -> {"narrative_extraction_required": true, "source": "NARRATIVE", "status": "ASSESSED"}
    $.profile.decision_intelligence.human_intelligence.canonical_gap_policy.source_backed_conflict_keys [added] null -> []
    $.profile.decision_intelligence.human_intelligence.intake_resolution [added] null -> {"narrative_extraction_required": true, "source": "NARRATIVE", "status": "ASSESSED"}
    $.run_limit5.care_setting_policy.decision_intelligence.human_intelligence.canonical_gap_policy.source_backed_conflict_keys [added] null -> []
independent_couple: 23 differences
    $.http_profile.body.decision_intelligence.human_intelligence.canonical_gap_policy.source_backed_conflict_keys [added] null -> []
    $.http_profile.body.decision_intelligence.human_intelligence.intake_resolution [added] null -> {"narrative_extraction_required": true, "source": "NARRATIVE", "status": "ASSESSED"}
    $.http_recommendations.body.care_setting_policy.decision_intelligence.human_intelligence.canonical_gap_policy.source_backed_conflict_keys [added] null -> []
    $.http_recommendations.body.care_setting_policy.decision_intelligence.human_intelligence.intake_resolution [added] null -> {"narrative_extraction_required": true, "source": "NARRATIVE", "status": "ASSESSED"}
    $.http_recommendations.body.decision_id [added] null -> "<volatile>"
    $.http_recommendations.body.decision_intelligence.human_intelligence.canonical_gap_policy.source_backed_conflict_keys [added] null -> []
    $.http_recommendations.body.decision_intelligence.human_intelligence.intake_resolution [added] null -> {"narrative_extraction_required": true, "source": "NARRATIVE", "status": "ASSESSED"}
    $.http_recommendations.body.patient_needs_profile.decision_intelligence.human_intelligence.canonical_gap_policy.source_backed_conflict_keys [added] null -> []
    $.http_recommendations.body.patient_needs_profile.decision_intelligence.human_intelligence.intake_resolution [added] null -> {"narrative_extraction_required": true, "source": "NARRATIVE", "status": "ASSESSED"}
    $.profile.decision_intelligence.human_intelligence.canonical_gap_policy.source_backed_conflict_keys [added] null -> []
    $.profile.decision_intelligence.human_intelligence.intake_resolution [added] null -> {"narrative_extraction_required": true, "source": "NARRATIVE", "status": "ASSESSED"}
    $.run_limit5.care_setting_policy.decision_intelligence.human_intelligence.canonical_gap_policy.source_backed_conflict_keys [added] null -> []
memory_care: 23 differences
    $.http_profile.body.decision_intelligence.human_intelligence.canonical_gap_policy.source_backed_conflict_keys [added] null -> []
    $.http_profile.body.decision_intelligence.human_intelligence.intake_resolution [added] null -> {"narrative_extraction_required": true, "source": "NARRATIVE", "status": "ASSESSED"}
    $.http_recommendations.body.care_setting_policy.decision_intelligence.human_intelligence.canonical_gap_policy.source_backed_conflict_keys [added] null -> []
    $.http_recommendations.body.care_setting_policy.decision_intelligence.human_intelligence.intake_resolution [added] null -> {"narrative_extraction_required": true, "source": "NARRATIVE", "status": "ASSESSED"}
    $.http_recommendations.body.decision_id [added] null -> "<volatile>"
    $.http_recommendations.body.decision_intelligence.human_intelligence.canonical_gap_policy.source_backed_conflict_keys [added] null -> []
    $.http_recommendations.body.decision_intelligence.human_intelligence.intake_resolution [added] null -> {"narrative_extraction_required": true, "source": "NARRATIVE", "status": "ASSESSED"}
    $.http_recommendations.body.patient_needs_profile.decision_intelligence.human_intelligence.canonical_gap_policy.source_backed_conflict_keys [added] null -> []
    $.http_recommendations.body.patient_needs_profile.decision_intelligence.human_intelligence.intake_resolution [added] null -> {"narrative_extraction_required": true, "source": "NARRATIVE", "status": "ASSESSED"}
    $.profile.decision_intelligence.human_intelligence.canonical_gap_policy.source_backed_conflict_keys [added] null -> []
    $.profile.decision_intelligence.human_intelligence.intake_resolution [added] null -> {"narrative_extraction_required": true, "source": "NARRATIVE", "status": "ASSESSED"}
    $.run_limit5.care_setting_policy.decision_intelligence.human_intelligence.canonical_gap_policy.source_backed_conflict_keys [added] null -> []
skilled_nursing: 23 differences
    $.http_profile.body.decision_intelligence.human_intelligence.canonical_gap_policy.source_backed_conflict_keys [added] null -> []
    $.http_profile.body.decision_intelligence.human_intelligence.intake_resolution [added] null -> {"narrative_extraction_required": true, "source": "NARRATIVE", "status": "ASSESSED"}
    $.http_recommendations.body.care_setting_policy.decision_intelligence.human_intelligence.canonical_gap_policy.source_backed_conflict_keys [added] null -> []
    $.http_recommendations.body.care_setting_policy.decision_intelligence.human_intelligence.intake_resolution [added] null -> {"narrative_extraction_required": true, "source": "NARRATIVE", "status": "ASSESSED"}
    $.http_recommendations.body.decision_id [added] null -> "<volatile>"
    $.http_recommendations.body.decision_intelligence.human_intelligence.canonical_gap_policy.source_backed_conflict_keys [added] null -> []
    $.http_recommendations.body.decision_intelligence.human_intelligence.intake_resolution [added] null -> {"narrative_extraction_required": true, "source": "NARRATIVE", "status": "ASSESSED"}
    $.http_recommendations.body.patient_needs_profile.decision_intelligence.human_intelligence.canonical_gap_policy.source_backed_conflict_keys [added] null -> []
    $.http_recommendations.body.patient_needs_profile.decision_intelligence.human_intelligence.intake_resolution [added] null -> {"narrative_extraction_required": true, "source": "NARRATIVE", "status": "ASSESSED"}
    $.profile.decision_intelligence.human_intelligence.canonical_gap_policy.source_backed_conflict_keys [added] null -> []
    $.profile.decision_intelligence.human_intelligence.intake_resolution [added] null -> {"narrative_extraction_required": true, "source": "NARRATIVE", "status": "ASSESSED"}
    $.run_limit5.care_setting_policy.decision_intelligence.human_intelligence.canonical_gap_policy.source_backed_conflict_keys [added] null -> []
clinical_dialysis: 23 differences
    $.http_profile.body.decision_intelligence.human_intelligence.canonical_gap_policy.source_backed_conflict_keys [added] null -> []
    $.http_profile.body.decision_intelligence.human_intelligence.intake_resolution [added] null -> {"narrative_extraction_required": true, "source": "NARRATIVE", "status": "ASSESSED"}
    $.http_recommendations.body.care_setting_policy.decision_intelligence.human_intelligence.canonical_gap_policy.source_backed_conflict_keys [added] null -> []
    $.http_recommendations.body.care_setting_policy.decision_intelligence.human_intelligence.intake_resolution [added] null -> {"narrative_extraction_required": true, "source": "NARRATIVE", "status": "ASSESSED"}
    $.http_recommendations.body.decision_id [added] null -> "<volatile>"
    $.http_recommendations.body.decision_intelligence.human_intelligence.canonical_gap_policy.source_backed_conflict_keys [added] null -> []
    $.http_recommendations.body.decision_intelligence.human_intelligence.intake_resolution [added] null -> {"narrative_extraction_required": true, "source": "NARRATIVE", "status": "ASSESSED"}
    $.http_recommendations.body.patient_needs_profile.decision_intelligence.human_intelligence.canonical_gap_policy.source_backed_conflict_keys [added] null -> []
    $.http_recommendations.body.patient_needs_profile.decision_intelligence.human_intelligence.intake_resolution [added] null -> {"narrative_extraction_required": true, "source": "NARRATIVE", "status": "ASSESSED"}
    $.profile.decision_intelligence.human_intelligence.canonical_gap_policy.source_backed_conflict_keys [added] null -> []
    $.profile.decision_intelligence.human_intelligence.intake_resolution [added] null -> {"narrative_extraction_required": true, "source": "NARRATIVE", "status": "ASSESSED"}
    $.run_limit5.care_setting_policy.decision_intelligence.human_intelligence.canonical_gap_policy.source_backed_conflict_keys [added] null -> []
budget_medicaid_pending: 23 differences
    $.http_profile.body.decision_intelligence.human_intelligence.canonical_gap_policy.source_backed_conflict_keys [added] null -> []
    $.http_profile.body.decision_intelligence.human_intelligence.intake_resolution [added] null -> {"narrative_extraction_required": true, "source": "NARRATIVE", "status": "ASSESSED"}
    $.http_recommendations.body.care_setting_policy.decision_intelligence.human_intelligence.canonical_gap_policy.source_backed_conflict_keys [added] null -> []
    $.http_recommendations.body.care_setting_policy.decision_intelligence.human_intelligence.intake_resolution [added] null -> {"narrative_extraction_required": true, "source": "NARRATIVE", "status": "ASSESSED"}
    $.http_recommendations.body.decision_id [added] null -> "<volatile>"
    $.http_recommendations.body.decision_intelligence.human_intelligence.canonical_gap_policy.source_backed_conflict_keys [added] null -> []
    $.http_recommendations.body.decision_intelligence.human_intelligence.intake_resolution [added] null -> {"narrative_extraction_required": true, "source": "NARRATIVE", "status": "ASSESSED"}
    $.http_recommendations.body.patient_needs_profile.decision_intelligence.human_intelligence.canonical_gap_policy.source_backed_conflict_keys [added] null -> []
    $.http_recommendations.body.patient_needs_profile.decision_intelligence.human_intelligence.intake_resolution [added] null -> {"narrative_extraction_required": true, "source": "NARRATIVE", "status": "ASSESSED"}
    $.profile.decision_intelligence.human_intelligence.canonical_gap_policy.source_backed_conflict_keys [added] null -> []
    $.profile.decision_intelligence.human_intelligence.intake_resolution [added] null -> {"narrative_extraction_required": true, "source": "NARRATIVE", "status": "ASSESSED"}
    $.run_limit5.care_setting_policy.decision_intelligence.human_intelligence.canonical_gap_policy.source_backed_conflict_keys [added] null -> []
medicaid_negated_kosher: 23 differences
    $.http_profile.body.decision_intelligence.human_intelligence.canonical_gap_policy.source_backed_conflict_keys [added] null -> []
    $.http_profile.body.decision_intelligence.human_intelligence.intake_resolution [added] null -> {"narrative_extraction_required": true, "source": "NARRATIVE", "status": "ASSESSED"}
    $.http_recommendations.body.care_setting_policy.decision_intelligence.human_intelligence.canonical_gap_policy.source_backed_conflict_keys [added] null -> []
    $.http_recommendations.body.care_setting_policy.decision_intelligence.human_intelligence.intake_resolution [added] null -> {"narrative_extraction_required": true, "source": "NARRATIVE", "status": "ASSESSED"}
    $.http_recommendations.body.decision_id [added] null -> "<volatile>"
    $.http_recommendations.body.decision_intelligence.human_intelligence.canonical_gap_policy.source_backed_conflict_keys [added] null -> []
    $.http_recommendations.body.decision_intelligence.human_intelligence.intake_resolution [added] null -> {"narrative_extraction_required": true, "source": "NARRATIVE", "status": "ASSESSED"}
    $.http_recommendations.body.patient_needs_profile.decision_intelligence.human_intelligence.canonical_gap_policy.source_backed_conflict_keys [added] null -> []
    $.http_recommendations.body.patient_needs_profile.decision_intelligence.human_intelligence.intake_resolution [added] null -> {"narrative_extraction_required": true, "source": "NARRATIVE", "status": "ASSESSED"}
    $.profile.decision_intelligence.human_intelligence.canonical_gap_policy.source_backed_conflict_keys [added] null -> []
    $.profile.decision_intelligence.human_intelligence.intake_resolution [added] null -> {"narrative_extraction_required": true, "source": "NARRATIVE", "status": "ASSESSED"}
    $.run_limit5.care_setting_policy.decision_intelligence.human_intelligence.canonical_gap_policy.source_backed_conflict_keys [added] null -> []
henderson_city: 23 differences
    $.http_profile.body.decision_intelligence.human_intelligence.canonical_gap_policy.source_backed_conflict_keys [added] null -> []
    $.http_profile.body.decision_intelligence.human_intelligence.intake_resolution [added] null -> {"narrative_extraction_required": true, "source": "NARRATIVE", "status": "ASSESSED"}
    $.http_recommendations.body.care_setting_policy.decision_intelligence.human_intelligence.canonical_gap_policy.source_backed_conflict_keys [added] null -> []
    $.http_recommendations.body.care_setting_policy.decision_intelligence.human_intelligence.intake_resolution [added] null -> {"narrative_extraction_required": true, "source": "NARRATIVE", "status": "ASSESSED"}
    $.http_recommendations.body.decision_id [added] null -> "<volatile>"
    $.http_recommendations.body.decision_intelligence.human_intelligence.canonical_gap_policy.source_backed_conflict_keys [added] null -> []
    $.http_recommendations.body.decision_intelligence.human_intelligence.intake_resolution [added] null -> {"narrative_extraction_required": true, "source": "NARRATIVE", "status": "ASSESSED"}
    $.http_recommendations.body.patient_needs_profile.decision_intelligence.human_intelligence.canonical_gap_policy.source_backed_conflict_keys [added] null -> []
    $.http_recommendations.body.patient_needs_profile.decision_intelligence.human_intelligence.intake_resolution [added] null -> {"narrative_extraction_required": true, "source": "NARRATIVE", "status": "ASSESSED"}
    $.profile.decision_intelligence.human_intelligence.canonical_gap_policy.source_backed_conflict_keys [added] null -> []
    $.profile.decision_intelligence.human_intelligence.intake_resolution [added] null -> {"narrative_extraction_required": true, "source": "NARRATIVE", "status": "ASSESSED"}
    $.run_limit5.care_setting_policy.decision_intelligence.human_intelligence.canonical_gap_policy.source_backed_conflict_keys [added] null -> []
empty_input: 23 differences
    $.http_profile.body.decision_intelligence.human_intelligence.canonical_gap_policy.source_backed_conflict_keys [added] null -> []
    $.http_profile.body.decision_intelligence.human_intelligence.intake_resolution [added] null -> {"narrative_extraction_required": false, "source": "NARRATIVE", "status": "ASSESSED"}
    $.http_recommendations.body.care_setting_policy.decision_intelligence.human_intelligence.canonical_gap_policy.source_backed_conflict_keys [added] null -> []
    $.http_recommendations.body.care_setting_policy.decision_intelligence.human_intelligence.intake_resolution [added] null -> {"narrative_extraction_required": false, "source": "NARRATIVE", "status": "ASSESSED"}
    $.http_recommendations.body.decision_id [added] null -> "<volatile>"
    $.http_recommendations.body.decision_intelligence.human_intelligence.canonical_gap_policy.source_backed_conflict_keys [added] null -> []
    $.http_recommendations.body.decision_intelligence.human_intelligence.intake_resolution [added] null -> {"narrative_extraction_required": false, "source": "NARRATIVE", "status": "ASSESSED"}
    $.http_recommendations.body.patient_needs_profile.decision_intelligence.human_intelligence.canonical_gap_policy.source_backed_conflict_keys [added] null -> []
    $.http_recommendations.body.patient_needs_profile.decision_intelligence.human_intelligence.intake_resolution [added] null -> {"narrative_extraction_required": false, "source": "NARRATIVE", "status": "ASSESSED"}
    $.profile.decision_intelligence.human_intelligence.canonical_gap_policy.source_backed_conflict_keys [added] null -> []
    $.profile.decision_intelligence.human_intelligence.intake_resolution [added] null -> {"narrative_extraction_required": false, "source": "NARRATIVE", "status": "ASSESSED"}
    $.run_limit5.care_setting_policy.decision_intelligence.human_intelligence.canonical_gap_policy.source_backed_conflict_keys [added] null -> []
pilot_son84: 23 differences
    $.http_profile.body.decision_intelligence.human_intelligence.canonical_gap_policy.source_backed_conflict_keys [added] null -> []
    $.http_profile.body.decision_intelligence.human_intelligence.intake_resolution [added] null -> {"narrative_extraction_required": true, "source": "NARRATIVE", "status": "ASSESSED"}
    $.http_recommendations.body.care_setting_policy.decision_intelligence.human_intelligence.canonical_gap_policy.source_backed_conflict_keys [added] null -> []
    $.http_recommendations.body.care_setting_policy.decision_intelligence.human_intelligence.intake_resolution [added] null -> {"narrative_extraction_required": true, "source": "NARRATIVE", "status": "ASSESSED"}
    $.http_recommendations.body.decision_id [added] null -> "<volatile>"
    $.http_recommendations.body.decision_intelligence.human_intelligence.canonical_gap_policy.source_backed_conflict_keys [added] null -> []
    $.http_recommendations.body.decision_intelligence.human_intelligence.intake_resolution [added] null -> {"narrative_extraction_required": true, "source": "NARRATIVE", "status": "ASSESSED"}
    $.http_recommendations.body.patient_needs_profile.decision_intelligence.human_intelligence.canonical_gap_policy.source_backed_conflict_keys [added] null -> []
    $.http_recommendations.body.patient_needs_profile.decision_intelligence.human_intelligence.intake_resolution [added] null -> {"narrative_extraction_required": true, "source": "NARRATIVE", "status": "ASSESSED"}
    $.profile.decision_intelligence.human_intelligence.canonical_gap_policy.source_backed_conflict_keys [added] null -> []
    $.profile.decision_intelligence.human_intelligence.intake_resolution [added] null -> {"narrative_extraction_required": true, "source": "NARRATIVE", "status": "ASSESSED"}
    $.run_limit5.care_setting_policy.decision_intelligence.human_intelligence.canonical_gap_policy.source_backed_conflict_keys [added] null -> []
pilot_memory: 23 differences
    $.http_profile.body.decision_intelligence.human_intelligence.canonical_gap_policy.source_backed_conflict_keys [added] null -> []
    $.http_profile.body.decision_intelligence.human_intelligence.intake_resolution [added] null -> {"narrative_extraction_required": true, "source": "NARRATIVE", "status": "ASSESSED"}
    $.http_recommendations.body.care_setting_policy.decision_intelligence.human_intelligence.canonical_gap_policy.source_backed_conflict_keys [added] null -> []
    $.http_recommendations.body.care_setting_policy.decision_intelligence.human_intelligence.intake_resolution [added] null -> {"narrative_extraction_required": true, "source": "NARRATIVE", "status": "ASSESSED"}
    $.http_recommendations.body.decision_id [added] null -> "<volatile>"
    $.http_recommendations.body.decision_intelligence.human_intelligence.canonical_gap_policy.source_backed_conflict_keys [added] null -> []
    $.http_recommendations.body.decision_intelligence.human_intelligence.intake_resolution [added] null -> {"narrative_extraction_required": true, "source": "NARRATIVE", "status": "ASSESSED"}
    $.http_recommendations.body.patient_needs_profile.decision_intelligence.human_intelligence.canonical_gap_policy.source_backed_conflict_keys [added] null -> []
    $.http_recommendations.body.patient_needs_profile.decision_intelligence.human_intelligence.intake_resolution [added] null -> {"narrative_extraction_required": true, "source": "NARRATIVE", "status": "ASSESSED"}
    $.profile.decision_intelligence.human_intelligence.canonical_gap_policy.source_backed_conflict_keys [added] null -> []
    $.profile.decision_intelligence.human_intelligence.intake_resolution [added] null -> {"narrative_extraction_required": true, "source": "NARRATIVE", "status": "ASSESSED"}
    $.run_limit5.care_setting_policy.decision_intelligence.human_intelligence.canonical_gap_policy.source_backed_conflict_keys [added] null -> []
pilot_stroke_rehab: 23 differences
    $.http_profile.body.decision_intelligence.human_intelligence.canonical_gap_policy.source_backed_conflict_keys [added] null -> []
    $.http_profile.body.decision_intelligence.human_intelligence.intake_resolution [added] null -> {"narrative_extraction_required": true, "source": "NARRATIVE", "status": "ASSESSED"}
    $.http_recommendations.body.care_setting_policy.decision_intelligence.human_intelligence.canonical_gap_policy.source_backed_conflict_keys [added] null -> []
    $.http_recommendations.body.care_setting_policy.decision_intelligence.human_intelligence.intake_resolution [added] null -> {"narrative_extraction_required": true, "source": "NARRATIVE", "status": "ASSESSED"}
    $.http_recommendations.body.decision_id [added] null -> "<volatile>"
    $.http_recommendations.body.decision_intelligence.human_intelligence.canonical_gap_policy.source_backed_conflict_keys [added] null -> []
    $.http_recommendations.body.decision_intelligence.human_intelligence.intake_resolution [added] null -> {"narrative_extraction_required": true, "source": "NARRATIVE", "status": "ASSESSED"}
    $.http_recommendations.body.patient_needs_profile.decision_intelligence.human_intelligence.canonical_gap_policy.source_backed_conflict_keys [added] null -> []
    $.http_recommendations.body.patient_needs_profile.decision_intelligence.human_intelligence.intake_resolution [added] null -> {"narrative_extraction_required": true, "source": "NARRATIVE", "status": "ASSESSED"}
    $.profile.decision_intelligence.human_intelligence.canonical_gap_policy.source_backed_conflict_keys [added] null -> []
    $.profile.decision_intelligence.human_intelligence.intake_resolution [added] null -> {"narrative_extraction_required": true, "source": "NARRATIVE", "status": "ASSESSED"}
    $.run_limit5.care_setting_policy.decision_intelligence.human_intelligence.canonical_gap_policy.source_backed_conflict_keys [added] null -> []
TOTAL_DIFFERENCES=391
ALLOWED_ADDITIONS=391
UNEXPECTED_DIFFERENCES=0
